Archive member included to satisfy reference by file (symbol)

C:/Program Files/Embedded systems tools/avr8-gnu-toolchain-win32_x86_64/bin/../lib/gcc/avr/15.1.0/../../../../avr/lib/avr5\libprintf_flt.a(vfprintf_flt.o)
                              (vfprintf)
C:/Program Files/Embedded systems tools/avr8-gnu-toolchain-win32_x86_64/bin/../lib/gcc/avr/15.1.0/../../../../avr/lib/avr5\libm.a(fixsfsi.o)
                              build/default/production/main.o (__fixsfsi)
C:/Program Files/Embedded systems tools/avr8-gnu-toolchain-win32_x86_64/bin/../lib/gcc/avr/15.1.0/../../../../avr/lib/avr5\libm.a(fixunssfsi.o)
                              C:/Program Files/Embedded systems tools/avr8-gnu-toolchain-win32_x86_64/bin/../lib/gcc/avr/15.1.0/../../../../avr/lib/avr5\libm.a(fixsfsi.o) (__fixunssfsi)
C:/Program Files/Embedded systems tools/avr8-gnu-toolchain-win32_x86_64/bin/../lib/gcc/avr/15.1.0/../../../../avr/lib/avr5\libm.a(floatsisf.o)
                              build/default/production/main.o (__floatsisf)
C:/Program Files/Embedded systems tools/avr8-gnu-toolchain-win32_x86_64/bin/../lib/gcc/avr/15.1.0/../../../../avr/lib/avr5\libm.a(fp_split3.o)
                              C:/Program Files/Embedded systems tools/avr8-gnu-toolchain-win32_x86_64/bin/../lib/gcc/avr/15.1.0/../../../../avr/lib/avr5\libm.a(fixunssfsi.o) (__fp_splitA)
C:/Program Files/Embedded systems tools/avr8-gnu-toolchain-win32_x86_64/bin/../lib/gcc/avr/15.1.0/../../../../avr/lib/avr5\libm.a(fp_zero.o)
                              C:/Program Files/Embedded systems tools/avr8-gnu-toolchain-win32_x86_64/bin/../lib/gcc/avr/15.1.0/../../../../avr/lib/avr5\libm.a(fixunssfsi.o) (__fp_zero)
C:/Program Files/Embedded systems tools/avr8-gnu-toolchain-win32_x86_64/bin/../lib/gcc/avr/15.1.0/../../../../avr/lib/avr5\libm.a(mulsf3.o)
                              build/default/production/main.o (__mulsf3)
C:/Program Files/Embedded systems tools/avr8-gnu-toolchain-win32_x86_64/bin/../lib/gcc/avr/15.1.0/../../../../avr/lib/avr5\libm.a(mulsf3x.o)
                              C:/Program Files/Embedded systems tools/avr8-gnu-toolchain-win32_x86_64/bin/../lib/gcc/avr/15.1.0/../../../../avr/lib/avr5\libm.a(mulsf3.o) (__mulsf3x)
C:/Program Files/Embedded systems tools/avr8-gnu-toolchain-win32_x86_64/bin/../lib/gcc/avr/15.1.0/../../../../avr/lib/avr5\libm.a(fp_inf.o)
                              C:/Program Files/Embedded systems tools/avr8-gnu-toolchain-win32_x86_64/bin/../lib/gcc/avr/15.1.0/../../../../avr/lib/avr5\libm.a(mulsf3x.o) (__fp_inf)
C:/Program Files/Embedded systems tools/avr8-gnu-toolchain-win32_x86_64/bin/../lib/gcc/avr/15.1.0/../../../../avr/lib/avr5\libm.a(fp_nan.o)
                              C:/Program Files/Embedded systems tools/avr8-gnu-toolchain-win32_x86_64/bin/../lib/gcc/avr/15.1.0/../../../../avr/lib/avr5\libm.a(mulsf3x.o) (__fp_nan)
C:/Program Files/Embedded systems tools/avr8-gnu-toolchain-win32_x86_64/bin/../lib/gcc/avr/15.1.0/../../../../avr/lib/avr5\libm.a(fp_pscA.o)
                              C:/Program Files/Embedded systems tools/avr8-gnu-toolchain-win32_x86_64/bin/../lib/gcc/avr/15.1.0/../../../../avr/lib/avr5\libm.a(mulsf3x.o) (__fp_pscA)
C:/Program Files/Embedded systems tools/avr8-gnu-toolchain-win32_x86_64/bin/../lib/gcc/avr/15.1.0/../../../../avr/lib/avr5\libm.a(fp_pscB.o)
                              C:/Program Files/Embedded systems tools/avr8-gnu-toolchain-win32_x86_64/bin/../lib/gcc/avr/15.1.0/../../../../avr/lib/avr5\libm.a(mulsf3x.o) (__fp_pscB)
C:/Program Files/Embedded systems tools/avr8-gnu-toolchain-win32_x86_64/bin/../lib/gcc/avr/15.1.0/../../../../avr/lib/avr5\libm.a(fp_round.o)
                              C:/Program Files/Embedded systems tools/avr8-gnu-toolchain-win32_x86_64/bin/../lib/gcc/avr/15.1.0/../../../../avr/lib/avr5\libm.a(mulsf3.o) (__fp_round)
C:/Program Files/Embedded systems tools/avr8-gnu-toolchain-win32_x86_64/bin/../lib/gcc/avr/15.1.0/avr5\libgcc.a(_mulhisi3.o)
                              build/default/production/main.o (__mulhisi3)
C:/Program Files/Embedded systems tools/avr8-gnu-toolchain-win32_x86_64/bin/../lib/gcc/avr/15.1.0/avr5\libgcc.a(_umulhisi3.o)
                              C:/Program Files/Embedded systems tools/avr8-gnu-toolchain-win32_x86_64/bin/../lib/gcc/avr/15.1.0/avr5\libgcc.a(_mulhisi3.o) (__umulhisi3)
C:/Program Files/Embedded systems tools/avr8-gnu-toolchain-win32_x86_64/bin/../lib/gcc/avr/15.1.0/avr5\libgcc.a(_mulsi3.o)
                              build/default/production/main.o (__mulsi3)
C:/Program Files/Embedded systems tools/avr8-gnu-toolchain-win32_x86_64/bin/../lib/gcc/avr/15.1.0/avr5\libgcc.a(_udivmodsi4.o)
                              build/default/production/main.o (__udivmodsi4)
C:/Program Files/Embedded systems tools/avr8-gnu-toolchain-win32_x86_64/bin/../lib/gcc/avr/15.1.0/avr5\libgcc.a(_negsi2.o)
                              C:/Program Files/Embedded systems tools/avr8-gnu-toolchain-win32_x86_64/bin/../lib/gcc/avr/15.1.0/../../../../avr/lib/avr5\libprintf_flt.a(vfprintf_flt.o) (__negsi2)
C:/Program Files/Embedded systems tools/avr8-gnu-toolchain-win32_x86_64/bin/../lib/gcc/avr/15.1.0/avr5\libgcc.a(_exit.o)
                              C:/Program Files/Microchip/MPLABX/v6.30/packs/Microchip/ATmega_DFP/3.5.296/gcc/dev/atmega32/avr5/crtatmega32.o (exit)
C:/Program Files/Embedded systems tools/avr8-gnu-toolchain-win32_x86_64/bin/../lib/gcc/avr/15.1.0/avr5\libgcc.a(_copy_data.o)
                              build/default/production/main.o (__do_copy_data)
C:/Program Files/Embedded systems tools/avr8-gnu-toolchain-win32_x86_64/bin/../lib/gcc/avr/15.1.0/avr5\libgcc.a(_clear_bss.o)
                              build/default/production/main.o (__do_clear_bss)
C:/Program Files/Embedded systems tools/avr8-gnu-toolchain-win32_x86_64/bin/../lib/gcc/avr/15.1.0/avr5\libgcc.a(_usmulhisi3.o)
                              C:/Program Files/Embedded systems tools/avr8-gnu-toolchain-win32_x86_64/bin/../lib/gcc/avr/15.1.0/avr5\libgcc.a(_mulhisi3.o) (__usmulhisi3_tail)
C:/Program Files/Embedded systems tools/avr8-gnu-toolchain-win32_x86_64/bin/../lib/gcc/avr/15.1.0/avr5\libgcc.a(_muluhisi3.o)
                              C:/Program Files/Embedded systems tools/avr8-gnu-toolchain-win32_x86_64/bin/../lib/gcc/avr/15.1.0/avr5\libgcc.a(_mulsi3.o) (__muluhisi3)
C:/Program Files/Embedded systems tools/avr8-gnu-toolchain-win32_x86_64/bin/../lib/gcc/avr/15.1.0/avr5\libgcc.a(_prologue.o)
                              C:/Program Files/Embedded systems tools/avr8-gnu-toolchain-win32_x86_64/bin/../lib/gcc/avr/15.1.0/../../../../avr/lib/avr5\libprintf_flt.a(vfprintf_flt.o) (__prologue_saves__)
C:/Program Files/Embedded systems tools/avr8-gnu-toolchain-win32_x86_64/bin/../lib/gcc/avr/15.1.0/avr5\libgcc.a(_epilogue.o)
                              C:/Program Files/Embedded systems tools/avr8-gnu-toolchain-win32_x86_64/bin/../lib/gcc/avr/15.1.0/../../../../avr/lib/avr5\libprintf_flt.a(vfprintf_flt.o) (__epilogue_restores__)
C:/Program Files/Embedded systems tools/avr8-gnu-toolchain-win32_x86_64/bin/../lib/gcc/avr/15.1.0/../../../../avr/lib/avr5\libc.a(ftoa_engine.o)
                              C:/Program Files/Embedded systems tools/avr8-gnu-toolchain-win32_x86_64/bin/../lib/gcc/avr/15.1.0/../../../../avr/lib/avr5\libprintf_flt.a(vfprintf_flt.o) (__ftoa_engine)
C:/Program Files/Embedded systems tools/avr8-gnu-toolchain-win32_x86_64/bin/../lib/gcc/avr/15.1.0/../../../../avr/lib/avr5\libc.a(strnlen_P.o)
                              C:/Program Files/Embedded systems tools/avr8-gnu-toolchain-win32_x86_64/bin/../lib/gcc/avr/15.1.0/../../../../avr/lib/avr5\libprintf_flt.a(vfprintf_flt.o) (strnlen_P)
C:/Program Files/Embedded systems tools/avr8-gnu-toolchain-win32_x86_64/bin/../lib/gcc/avr/15.1.0/../../../../avr/lib/avr5\libc.a(strnlen.o)
                              C:/Program Files/Embedded systems tools/avr8-gnu-toolchain-win32_x86_64/bin/../lib/gcc/avr/15.1.0/../../../../avr/lib/avr5\libprintf_flt.a(vfprintf_flt.o) (strnlen)
C:/Program Files/Embedded systems tools/avr8-gnu-toolchain-win32_x86_64/bin/../lib/gcc/avr/15.1.0/../../../../avr/lib/avr5\libc.a(fputc.o)
                              C:/Program Files/Embedded systems tools/avr8-gnu-toolchain-win32_x86_64/bin/../lib/gcc/avr/15.1.0/../../../../avr/lib/avr5\libprintf_flt.a(vfprintf_flt.o) (fputc)
C:/Program Files/Embedded systems tools/avr8-gnu-toolchain-win32_x86_64/bin/../lib/gcc/avr/15.1.0/../../../../avr/lib/avr5\libc.a(iob.o)
                              build/default/production/main.o (__iob)
C:/Program Files/Embedded systems tools/avr8-gnu-toolchain-win32_x86_64/bin/../lib/gcc/avr/15.1.0/../../../../avr/lib/avr5\libc.a(printf.o)
                              build/default/production/main.o (printf)
C:/Program Files/Embedded systems tools/avr8-gnu-toolchain-win32_x86_64/bin/../lib/gcc/avr/15.1.0/../../../../avr/lib/avr5\libc.a(puts.o)
                              build/default/production/main.o (puts)
C:/Program Files/Embedded systems tools/avr8-gnu-toolchain-win32_x86_64/bin/../lib/gcc/avr/15.1.0/../../../../avr/lib/avr5\libc.a(ultoa_invert.o)
                              C:/Program Files/Embedded systems tools/avr8-gnu-toolchain-win32_x86_64/bin/../lib/gcc/avr/15.1.0/../../../../avr/lib/avr5\libprintf_flt.a(vfprintf_flt.o) (__ultoa_invert)

Discarded input sections

 .data          0x00000000        0x0 C:/Program Files/Microchip/MPLABX/v6.30/packs/Microchip/ATmega_DFP/3.5.296/gcc/dev/atmega32/avr5/crtatmega32.o
 .bss           0x00000000        0x0 C:/Program Files/Microchip/MPLABX/v6.30/packs/Microchip/ATmega_DFP/3.5.296/gcc/dev/atmega32/avr5/crtatmega32.o
 .text          0x00000000        0x0 C:/Program Files/Embedded systems tools/avr8-gnu-toolchain-win32_x86_64/bin/../lib/gcc/avr/15.1.0/../../../../avr/lib/avr5\libprintf_flt.a(vfprintf_flt.o)
 .data          0x00000000        0x0 C:/Program Files/Embedded systems tools/avr8-gnu-toolchain-win32_x86_64/bin/../lib/gcc/avr/15.1.0/../../../../avr/lib/avr5\libprintf_flt.a(vfprintf_flt.o)
 .bss           0x00000000        0x0 C:/Program Files/Embedded systems tools/avr8-gnu-toolchain-win32_x86_64/bin/../lib/gcc/avr/15.1.0/../../../../avr/lib/avr5\libprintf_flt.a(vfprintf_flt.o)
 .text          0x00000000        0x0 build/default/production/main.o
 .data          0x00000000        0x0 build/default/production/main.o
 .bss           0x00000000        0x0 build/default/production/main.o
 .text.UART_dataAvailable
                0x00000000        0x6 build/default/production/main.o
 .text          0x00000000        0x0 build/default/production/lcd.o
 .data          0x00000000        0x0 build/default/production/lcd.o
 .bss           0x00000000        0x0 build/default/production/lcd.o
 .text.lcd_create_char
                0x00000000       0x2e build/default/production/lcd.o
 .text.LCD_Gotoxy
                0x00000000       0x28 build/default/production/lcd.o
 .text.LCD_Read_Char
                0x00000000       0x40 build/default/production/lcd.o
 .text          0x00000000        0x0 build/default/production/adc.o
 .data          0x00000000        0x0 build/default/production/adc.o
 .bss           0x00000000        0x0 build/default/production/adc.o
 .text          0x00000000        0x0 build/default/production/fix_fft.o
 .data          0x00000000        0x0 build/default/production/fix_fft.o
 .bss           0x00000000        0x0 build/default/production/fix_fft.o
 .text.fix_fftr
                0x00000000       0xde build/default/production/fix_fft.o
 .text          0x00000000        0x0 C:/Program Files/Embedded systems tools/avr8-gnu-toolchain-win32_x86_64/bin/../lib/gcc/avr/15.1.0/../../../../avr/lib/avr5\libm.a(fixsfsi.o)
 .data          0x00000000        0x0 C:/Program Files/Embedded systems tools/avr8-gnu-toolchain-win32_x86_64/bin/../lib/gcc/avr/15.1.0/../../../../avr/lib/avr5\libm.a(fixsfsi.o)
 .bss           0x00000000        0x0 C:/Program Files/Embedded systems tools/avr8-gnu-toolchain-win32_x86_64/bin/../lib/gcc/avr/15.1.0/../../../../avr/lib/avr5\libm.a(fixsfsi.o)
 .text          0x00000000        0x0 C:/Program Files/Embedded systems tools/avr8-gnu-toolchain-win32_x86_64/bin/../lib/gcc/avr/15.1.0/../../../../avr/lib/avr5\libm.a(fixunssfsi.o)
 .data          0x00000000        0x0 C:/Program Files/Embedded systems tools/avr8-gnu-toolchain-win32_x86_64/bin/../lib/gcc/avr/15.1.0/../../../../avr/lib/avr5\libm.a(fixunssfsi.o)
 .bss           0x00000000        0x0 C:/Program Files/Embedded systems tools/avr8-gnu-toolchain-win32_x86_64/bin/../lib/gcc/avr/15.1.0/../../../../avr/lib/avr5\libm.a(fixunssfsi.o)
 .text          0x00000000        0x0 C:/Program Files/Embedded systems tools/avr8-gnu-toolchain-win32_x86_64/bin/../lib/gcc/avr/15.1.0/../../../../avr/lib/avr5\libm.a(floatsisf.o)
 .data          0x00000000        0x0 C:/Program Files/Embedded systems tools/avr8-gnu-toolchain-win32_x86_64/bin/../lib/gcc/avr/15.1.0/../../../../avr/lib/avr5\libm.a(floatsisf.o)
 .bss           0x00000000        0x0 C:/Program Files/Embedded systems tools/avr8-gnu-toolchain-win32_x86_64/bin/../lib/gcc/avr/15.1.0/../../../../avr/lib/avr5\libm.a(floatsisf.o)
 .text          0x00000000        0x0 C:/Program Files/Embedded systems tools/avr8-gnu-toolchain-win32_x86_64/bin/../lib/gcc/avr/15.1.0/../../../../avr/lib/avr5\libm.a(fp_split3.o)
 .data          0x00000000        0x0 C:/Program Files/Embedded systems tools/avr8-gnu-toolchain-win32_x86_64/bin/../lib/gcc/avr/15.1.0/../../../../avr/lib/avr5\libm.a(fp_split3.o)
 .bss           0x00000000        0x0 C:/Program Files/Embedded systems tools/avr8-gnu-toolchain-win32_x86_64/bin/../lib/gcc/avr/15.1.0/../../../../avr/lib/avr5\libm.a(fp_split3.o)
 .text          0x00000000        0x0 C:/Program Files/Embedded systems tools/avr8-gnu-toolchain-win32_x86_64/bin/../lib/gcc/avr/15.1.0/../../../../avr/lib/avr5\libm.a(fp_zero.o)
 .data          0x00000000        0x0 C:/Program Files/Embedded systems tools/avr8-gnu-toolchain-win32_x86_64/bin/../lib/gcc/avr/15.1.0/../../../../avr/lib/avr5\libm.a(fp_zero.o)
 .bss           0x00000000        0x0 C:/Program Files/Embedded systems tools/avr8-gnu-toolchain-win32_x86_64/bin/../lib/gcc/avr/15.1.0/../../../../avr/lib/avr5\libm.a(fp_zero.o)
 .text          0x00000000        0x0 C:/Program Files/Embedded systems tools/avr8-gnu-toolchain-win32_x86_64/bin/../lib/gcc/avr/15.1.0/../../../../avr/lib/avr5\libm.a(mulsf3.o)
 .data          0x00000000        0x0 C:/Program Files/Embedded systems tools/avr8-gnu-toolchain-win32_x86_64/bin/../lib/gcc/avr/15.1.0/../../../../avr/lib/avr5\libm.a(mulsf3.o)
 .bss           0x00000000        0x0 C:/Program Files/Embedded systems tools/avr8-gnu-toolchain-win32_x86_64/bin/../lib/gcc/avr/15.1.0/../../../../avr/lib/avr5\libm.a(mulsf3.o)
 .text          0x00000000        0x0 C:/Program Files/Embedded systems tools/avr8-gnu-toolchain-win32_x86_64/bin/../lib/gcc/avr/15.1.0/../../../../avr/lib/avr5\libm.a(mulsf3x.o)
 .data          0x00000000        0x0 C:/Program Files/Embedded systems tools/avr8-gnu-toolchain-win32_x86_64/bin/../lib/gcc/avr/15.1.0/../../../../avr/lib/avr5\libm.a(mulsf3x.o)
 .bss           0x00000000        0x0 C:/Program Files/Embedded systems tools/avr8-gnu-toolchain-win32_x86_64/bin/../lib/gcc/avr/15.1.0/../../../../avr/lib/avr5\libm.a(mulsf3x.o)
 .text          0x00000000        0x0 C:/Program Files/Embedded systems tools/avr8-gnu-toolchain-win32_x86_64/bin/../lib/gcc/avr/15.1.0/../../../../avr/lib/avr5\libm.a(fp_inf.o)
 .data          0x00000000        0x0 C:/Program Files/Embedded systems tools/avr8-gnu-toolchain-win32_x86_64/bin/../lib/gcc/avr/15.1.0/../../../../avr/lib/avr5\libm.a(fp_inf.o)
 .bss           0x00000000        0x0 C:/Program Files/Embedded systems tools/avr8-gnu-toolchain-win32_x86_64/bin/../lib/gcc/avr/15.1.0/../../../../avr/lib/avr5\libm.a(fp_inf.o)
 .text          0x00000000        0x0 C:/Program Files/Embedded systems tools/avr8-gnu-toolchain-win32_x86_64/bin/../lib/gcc/avr/15.1.0/../../../../avr/lib/avr5\libm.a(fp_nan.o)
 .data          0x00000000        0x0 C:/Program Files/Embedded systems tools/avr8-gnu-toolchain-win32_x86_64/bin/../lib/gcc/avr/15.1.0/../../../../avr/lib/avr5\libm.a(fp_nan.o)
 .bss           0x00000000        0x0 C:/Program Files/Embedded systems tools/avr8-gnu-toolchain-win32_x86_64/bin/../lib/gcc/avr/15.1.0/../../../../avr/lib/avr5\libm.a(fp_nan.o)
 .text          0x00000000        0x0 C:/Program Files/Embedded systems tools/avr8-gnu-toolchain-win32_x86_64/bin/../lib/gcc/avr/15.1.0/../../../../avr/lib/avr5\libm.a(fp_pscA.o)
 .data          0x00000000        0x0 C:/Program Files/Embedded systems tools/avr8-gnu-toolchain-win32_x86_64/bin/../lib/gcc/avr/15.1.0/../../../../avr/lib/avr5\libm.a(fp_pscA.o)
 .bss           0x00000000        0x0 C:/Program Files/Embedded systems tools/avr8-gnu-toolchain-win32_x86_64/bin/../lib/gcc/avr/15.1.0/../../../../avr/lib/avr5\libm.a(fp_pscA.o)
 .text          0x00000000        0x0 C:/Program Files/Embedded systems tools/avr8-gnu-toolchain-win32_x86_64/bin/../lib/gcc/avr/15.1.0/../../../../avr/lib/avr5\libm.a(fp_pscB.o)
 .data          0x00000000        0x0 C:/Program Files/Embedded systems tools/avr8-gnu-toolchain-win32_x86_64/bin/../lib/gcc/avr/15.1.0/../../../../avr/lib/avr5\libm.a(fp_pscB.o)
 .bss           0x00000000        0x0 C:/Program Files/Embedded systems tools/avr8-gnu-toolchain-win32_x86_64/bin/../lib/gcc/avr/15.1.0/../../../../avr/lib/avr5\libm.a(fp_pscB.o)
 .text          0x00000000        0x0 C:/Program Files/Embedded systems tools/avr8-gnu-toolchain-win32_x86_64/bin/../lib/gcc/avr/15.1.0/../../../../avr/lib/avr5\libm.a(fp_round.o)
 .data          0x00000000        0x0 C:/Program Files/Embedded systems tools/avr8-gnu-toolchain-win32_x86_64/bin/../lib/gcc/avr/15.1.0/../../../../avr/lib/avr5\libm.a(fp_round.o)
 .bss           0x00000000        0x0 C:/Program Files/Embedded systems tools/avr8-gnu-toolchain-win32_x86_64/bin/../lib/gcc/avr/15.1.0/../../../../avr/lib/avr5\libm.a(fp_round.o)
 .text          0x00000000        0x0 C:/Program Files/Embedded systems tools/avr8-gnu-toolchain-win32_x86_64/bin/../lib/gcc/avr/15.1.0/avr5\libgcc.a(_mulhisi3.o)
 .data          0x00000000        0x0 C:/Program Files/Embedded systems tools/avr8-gnu-toolchain-win32_x86_64/bin/../lib/gcc/avr/15.1.0/avr5\libgcc.a(_mulhisi3.o)
 .bss           0x00000000        0x0 C:/Program Files/Embedded systems tools/avr8-gnu-toolchain-win32_x86_64/bin/../lib/gcc/avr/15.1.0/avr5\libgcc.a(_mulhisi3.o)
 .text.libgcc.div
                0x00000000        0x0 C:/Program Files/Embedded systems tools/avr8-gnu-toolchain-win32_x86_64/bin/../lib/gcc/avr/15.1.0/avr5\libgcc.a(_mulhisi3.o)
 .text.libgcc   0x00000000        0x0 C:/Program Files/Embedded systems tools/avr8-gnu-toolchain-win32_x86_64/bin/../lib/gcc/avr/15.1.0/avr5\libgcc.a(_mulhisi3.o)
 .text.libgcc.prologue
                0x00000000        0x0 C:/Program Files/Embedded systems tools/avr8-gnu-toolchain-win32_x86_64/bin/../lib/gcc/avr/15.1.0/avr5\libgcc.a(_mulhisi3.o)
 .text.libgcc.builtins
                0x00000000        0x0 C:/Program Files/Embedded systems tools/avr8-gnu-toolchain-win32_x86_64/bin/../lib/gcc/avr/15.1.0/avr5\libgcc.a(_mulhisi3.o)
 .text.libgcc.fmul
                0x00000000        0x0 C:/Program Files/Embedded systems tools/avr8-gnu-toolchain-win32_x86_64/bin/../lib/gcc/avr/15.1.0/avr5\libgcc.a(_mulhisi3.o)
 .text.libgcc.fixed
                0x00000000        0x0 C:/Program Files/Embedded systems tools/avr8-gnu-toolchain-win32_x86_64/bin/../lib/gcc/avr/15.1.0/avr5\libgcc.a(_mulhisi3.o)
 .text          0x00000000        0x0 C:/Program Files/Embedded systems tools/avr8-gnu-toolchain-win32_x86_64/bin/../lib/gcc/avr/15.1.0/avr5\libgcc.a(_umulhisi3.o)
 .data          0x00000000        0x0 C:/Program Files/Embedded systems tools/avr8-gnu-toolchain-win32_x86_64/bin/../lib/gcc/avr/15.1.0/avr5\libgcc.a(_umulhisi3.o)
 .bss           0x00000000        0x0 C:/Program Files/Embedded systems tools/avr8-gnu-toolchain-win32_x86_64/bin/../lib/gcc/avr/15.1.0/avr5\libgcc.a(_umulhisi3.o)
 .text.libgcc.div
                0x00000000        0x0 C:/Program Files/Embedded systems tools/avr8-gnu-toolchain-win32_x86_64/bin/../lib/gcc/avr/15.1.0/avr5\libgcc.a(_umulhisi3.o)
 .text.libgcc   0x00000000        0x0 C:/Program Files/Embedded systems tools/avr8-gnu-toolchain-win32_x86_64/bin/../lib/gcc/avr/15.1.0/avr5\libgcc.a(_umulhisi3.o)
 .text.libgcc.prologue
                0x00000000        0x0 C:/Program Files/Embedded systems tools/avr8-gnu-toolchain-win32_x86_64/bin/../lib/gcc/avr/15.1.0/avr5\libgcc.a(_umulhisi3.o)
 .text.libgcc.builtins
                0x00000000        0x0 C:/Program Files/Embedded systems tools/avr8-gnu-toolchain-win32_x86_64/bin/../lib/gcc/avr/15.1.0/avr5\libgcc.a(_umulhisi3.o)
 .text.libgcc.fmul
                0x00000000        0x0 C:/Program Files/Embedded systems tools/avr8-gnu-toolchain-win32_x86_64/bin/../lib/gcc/avr/15.1.0/avr5\libgcc.a(_umulhisi3.o)
 .text.libgcc.fixed
                0x00000000        0x0 C:/Program Files/Embedded systems tools/avr8-gnu-toolchain-win32_x86_64/bin/../lib/gcc/avr/15.1.0/avr5\libgcc.a(_umulhisi3.o)
 .text          0x00000000        0x0 C:/Program Files/Embedded systems tools/avr8-gnu-toolchain-win32_x86_64/bin/../lib/gcc/avr/15.1.0/avr5\libgcc.a(_mulsi3.o)
 .data          0x00000000        0x0 C:/Program Files/Embedded systems tools/avr8-gnu-toolchain-win32_x86_64/bin/../lib/gcc/avr/15.1.0/avr5\libgcc.a(_mulsi3.o)
 .bss           0x00000000        0x0 C:/Program Files/Embedded systems tools/avr8-gnu-toolchain-win32_x86_64/bin/../lib/gcc/avr/15.1.0/avr5\libgcc.a(_mulsi3.o)
 .text.libgcc.div
                0x00000000        0x0 C:/Program Files/Embedded systems tools/avr8-gnu-toolchain-win32_x86_64/bin/../lib/gcc/avr/15.1.0/avr5\libgcc.a(_mulsi3.o)
 .text.libgcc   0x00000000        0x0 C:/Program Files/Embedded systems tools/avr8-gnu-toolchain-win32_x86_64/bin/../lib/gcc/avr/15.1.0/avr5\libgcc.a(_mulsi3.o)
 .text.libgcc.prologue
                0x00000000        0x0 C:/Program Files/Embedded systems tools/avr8-gnu-toolchain-win32_x86_64/bin/../lib/gcc/avr/15.1.0/avr5\libgcc.a(_mulsi3.o)
 .text.libgcc.builtins
                0x00000000        0x0 C:/Program Files/Embedded systems tools/avr8-gnu-toolchain-win32_x86_64/bin/../lib/gcc/avr/15.1.0/avr5\libgcc.a(_mulsi3.o)
 .text.libgcc.fmul
                0x00000000        0x0 C:/Program Files/Embedded systems tools/avr8-gnu-toolchain-win32_x86_64/bin/../lib/gcc/avr/15.1.0/avr5\libgcc.a(_mulsi3.o)
 .text.libgcc.fixed
                0x00000000        0x0 C:/Program Files/Embedded systems tools/avr8-gnu-toolchain-win32_x86_64/bin/../lib/gcc/avr/15.1.0/avr5\libgcc.a(_mulsi3.o)
 .text          0x00000000        0x0 C:/Program Files/Embedded systems tools/avr8-gnu-toolchain-win32_x86_64/bin/../lib/gcc/avr/15.1.0/avr5\libgcc.a(_udivmodsi4.o)
 .data          0x00000000        0x0 C:/Program Files/Embedded systems tools/avr8-gnu-toolchain-win32_x86_64/bin/../lib/gcc/avr/15.1.0/avr5\libgcc.a(_udivmodsi4.o)
 .bss           0x00000000        0x0 C:/Program Files/Embedded systems tools/avr8-gnu-toolchain-win32_x86_64/bin/../lib/gcc/avr/15.1.0/avr5\libgcc.a(_udivmodsi4.o)
 .text.libgcc.mul
                0x00000000        0x0 C:/Program Files/Embedded systems tools/avr8-gnu-toolchain-win32_x86_64/bin/../lib/gcc/avr/15.1.0/avr5\libgcc.a(_udivmodsi4.o)
 .text.libgcc   0x00000000        0x0 C:/Program Files/Embedded systems tools/avr8-gnu-toolchain-win32_x86_64/bin/../lib/gcc/avr/15.1.0/avr5\libgcc.a(_udivmodsi4.o)
 .text.libgcc.prologue
                0x00000000        0x0 C:/Program Files/Embedded systems tools/avr8-gnu-toolchain-win32_x86_64/bin/../lib/gcc/avr/15.1.0/avr5\libgcc.a(_udivmodsi4.o)
 .text.libgcc.builtins
                0x00000000        0x0 C:/Program Files/Embedded systems tools/avr8-gnu-toolchain-win32_x86_64/bin/../lib/gcc/avr/15.1.0/avr5\libgcc.a(_udivmodsi4.o)
 .text.libgcc.fmul
                0x00000000        0x0 C:/Program Files/Embedded systems tools/avr8-gnu-toolchain-win32_x86_64/bin/../lib/gcc/avr/15.1.0/avr5\libgcc.a(_udivmodsi4.o)
 .text.libgcc.fixed
                0x00000000        0x0 C:/Program Files/Embedded systems tools/avr8-gnu-toolchain-win32_x86_64/bin/../lib/gcc/avr/15.1.0/avr5\libgcc.a(_udivmodsi4.o)
 .text          0x00000000        0x0 C:/Program Files/Embedded systems tools/avr8-gnu-toolchain-win32_x86_64/bin/../lib/gcc/avr/15.1.0/avr5\libgcc.a(_negsi2.o)
 .data          0x00000000        0x0 C:/Program Files/Embedded systems tools/avr8-gnu-toolchain-win32_x86_64/bin/../lib/gcc/avr/15.1.0/avr5\libgcc.a(_negsi2.o)
 .bss           0x00000000        0x0 C:/Program Files/Embedded systems tools/avr8-gnu-toolchain-win32_x86_64/bin/../lib/gcc/avr/15.1.0/avr5\libgcc.a(_negsi2.o)
 .text.libgcc.mul
                0x00000000        0x0 C:/Program Files/Embedded systems tools/avr8-gnu-toolchain-win32_x86_64/bin/../lib/gcc/avr/15.1.0/avr5\libgcc.a(_negsi2.o)
 .text.libgcc   0x00000000        0x0 C:/Program Files/Embedded systems tools/avr8-gnu-toolchain-win32_x86_64/bin/../lib/gcc/avr/15.1.0/avr5\libgcc.a(_negsi2.o)
 .text.libgcc.prologue
                0x00000000        0x0 C:/Program Files/Embedded systems tools/avr8-gnu-toolchain-win32_x86_64/bin/../lib/gcc/avr/15.1.0/avr5\libgcc.a(_negsi2.o)
 .text.libgcc.builtins
                0x00000000        0x0 C:/Program Files/Embedded systems tools/avr8-gnu-toolchain-win32_x86_64/bin/../lib/gcc/avr/15.1.0/avr5\libgcc.a(_negsi2.o)
 .text.libgcc.fmul
                0x00000000        0x0 C:/Program Files/Embedded systems tools/avr8-gnu-toolchain-win32_x86_64/bin/../lib/gcc/avr/15.1.0/avr5\libgcc.a(_negsi2.o)
 .text.libgcc.fixed
                0x00000000        0x0 C:/Program Files/Embedded systems tools/avr8-gnu-toolchain-win32_x86_64/bin/../lib/gcc/avr/15.1.0/avr5\libgcc.a(_negsi2.o)
 .text          0x00000000        0x0 C:/Program Files/Embedded systems tools/avr8-gnu-toolchain-win32_x86_64/bin/../lib/gcc/avr/15.1.0/avr5\libgcc.a(_exit.o)
 .data          0x00000000        0x0 C:/Program Files/Embedded systems tools/avr8-gnu-toolchain-win32_x86_64/bin/../lib/gcc/avr/15.1.0/avr5\libgcc.a(_exit.o)
 .bss           0x00000000        0x0 C:/Program Files/Embedded systems tools/avr8-gnu-toolchain-win32_x86_64/bin/../lib/gcc/avr/15.1.0/avr5\libgcc.a(_exit.o)
 .text.libgcc.mul
                0x00000000        0x0 C:/Program Files/Embedded systems tools/avr8-gnu-toolchain-win32_x86_64/bin/../lib/gcc/avr/15.1.0/avr5\libgcc.a(_exit.o)
 .text.libgcc.div
                0x00000000        0x0 C:/Program Files/Embedded systems tools/avr8-gnu-toolchain-win32_x86_64/bin/../lib/gcc/avr/15.1.0/avr5\libgcc.a(_exit.o)
 .text.libgcc   0x00000000        0x0 C:/Program Files/Embedded systems tools/avr8-gnu-toolchain-win32_x86_64/bin/../lib/gcc/avr/15.1.0/avr5\libgcc.a(_exit.o)
 .text.libgcc.prologue
                0x00000000        0x0 C:/Program Files/Embedded systems tools/avr8-gnu-toolchain-win32_x86_64/bin/../lib/gcc/avr/15.1.0/avr5\libgcc.a(_exit.o)
 .text.libgcc.builtins
                0x00000000        0x0 C:/Program Files/Embedded systems tools/avr8-gnu-toolchain-win32_x86_64/bin/../lib/gcc/avr/15.1.0/avr5\libgcc.a(_exit.o)
 .text.libgcc.fmul
                0x00000000        0x0 C:/Program Files/Embedded systems tools/avr8-gnu-toolchain-win32_x86_64/bin/../lib/gcc/avr/15.1.0/avr5\libgcc.a(_exit.o)
 .text.libgcc.fixed
                0x00000000        0x0 C:/Program Files/Embedded systems tools/avr8-gnu-toolchain-win32_x86_64/bin/../lib/gcc/avr/15.1.0/avr5\libgcc.a(_exit.o)
 .text          0x00000000        0x0 C:/Program Files/Embedded systems tools/avr8-gnu-toolchain-win32_x86_64/bin/../lib/gcc/avr/15.1.0/avr5\libgcc.a(_copy_data.o)
 .data          0x00000000        0x0 C:/Program Files/Embedded systems tools/avr8-gnu-toolchain-win32_x86_64/bin/../lib/gcc/avr/15.1.0/avr5\libgcc.a(_copy_data.o)
 .bss           0x00000000        0x0 C:/Program Files/Embedded systems tools/avr8-gnu-toolchain-win32_x86_64/bin/../lib/gcc/avr/15.1.0/avr5\libgcc.a(_copy_data.o)
 .text.libgcc.mul
                0x00000000        0x0 C:/Program Files/Embedded systems tools/avr8-gnu-toolchain-win32_x86_64/bin/../lib/gcc/avr/15.1.0/avr5\libgcc.a(_copy_data.o)
 .text.libgcc.div
                0x00000000        0x0 C:/Program Files/Embedded systems tools/avr8-gnu-toolchain-win32_x86_64/bin/../lib/gcc/avr/15.1.0/avr5\libgcc.a(_copy_data.o)
 .text.libgcc   0x00000000        0x0 C:/Program Files/Embedded systems tools/avr8-gnu-toolchain-win32_x86_64/bin/../lib/gcc/avr/15.1.0/avr5\libgcc.a(_copy_data.o)
 .text.libgcc.prologue
                0x00000000        0x0 C:/Program Files/Embedded systems tools/avr8-gnu-toolchain-win32_x86_64/bin/../lib/gcc/avr/15.1.0/avr5\libgcc.a(_copy_data.o)
 .text.libgcc.builtins
                0x00000000        0x0 C:/Program Files/Embedded systems tools/avr8-gnu-toolchain-win32_x86_64/bin/../lib/gcc/avr/15.1.0/avr5\libgcc.a(_copy_data.o)
 .text.libgcc.fmul
                0x00000000        0x0 C:/Program Files/Embedded systems tools/avr8-gnu-toolchain-win32_x86_64/bin/../lib/gcc/avr/15.1.0/avr5\libgcc.a(_copy_data.o)
 .text.libgcc.fixed
                0x00000000        0x0 C:/Program Files/Embedded systems tools/avr8-gnu-toolchain-win32_x86_64/bin/../lib/gcc/avr/15.1.0/avr5\libgcc.a(_copy_data.o)
 .text          0x00000000        0x0 C:/Program Files/Embedded systems tools/avr8-gnu-toolchain-win32_x86_64/bin/../lib/gcc/avr/15.1.0/avr5\libgcc.a(_clear_bss.o)
 .data          0x00000000        0x0 C:/Program Files/Embedded systems tools/avr8-gnu-toolchain-win32_x86_64/bin/../lib/gcc/avr/15.1.0/avr5\libgcc.a(_clear_bss.o)
 .bss           0x00000000        0x0 C:/Program Files/Embedded systems tools/avr8-gnu-toolchain-win32_x86_64/bin/../lib/gcc/avr/15.1.0/avr5\libgcc.a(_clear_bss.o)
 .text.libgcc.mul
                0x00000000        0x0 C:/Program Files/Embedded systems tools/avr8-gnu-toolchain-win32_x86_64/bin/../lib/gcc/avr/15.1.0/avr5\libgcc.a(_clear_bss.o)
 .text.libgcc.div
                0x00000000        0x0 C:/Program Files/Embedded systems tools/avr8-gnu-toolchain-win32_x86_64/bin/../lib/gcc/avr/15.1.0/avr5\libgcc.a(_clear_bss.o)
 .text.libgcc   0x00000000        0x0 C:/Program Files/Embedded systems tools/avr8-gnu-toolchain-win32_x86_64/bin/../lib/gcc/avr/15.1.0/avr5\libgcc.a(_clear_bss.o)
 .text.libgcc.prologue
                0x00000000        0x0 C:/Program Files/Embedded systems tools/avr8-gnu-toolchain-win32_x86_64/bin/../lib/gcc/avr/15.1.0/avr5\libgcc.a(_clear_bss.o)
 .text.libgcc.builtins
                0x00000000        0x0 C:/Program Files/Embedded systems tools/avr8-gnu-toolchain-win32_x86_64/bin/../lib/gcc/avr/15.1.0/avr5\libgcc.a(_clear_bss.o)
 .text.libgcc.fmul
                0x00000000        0x0 C:/Program Files/Embedded systems tools/avr8-gnu-toolchain-win32_x86_64/bin/../lib/gcc/avr/15.1.0/avr5\libgcc.a(_clear_bss.o)
 .text.libgcc.fixed
                0x00000000        0x0 C:/Program Files/Embedded systems tools/avr8-gnu-toolchain-win32_x86_64/bin/../lib/gcc/avr/15.1.0/avr5\libgcc.a(_clear_bss.o)
 .text          0x00000000        0x0 C:/Program Files/Embedded systems tools/avr8-gnu-toolchain-win32_x86_64/bin/../lib/gcc/avr/15.1.0/avr5\libgcc.a(_usmulhisi3.o)
 .data          0x00000000        0x0 C:/Program Files/Embedded systems tools/avr8-gnu-toolchain-win32_x86_64/bin/../lib/gcc/avr/15.1.0/avr5\libgcc.a(_usmulhisi3.o)
 .bss           0x00000000        0x0 C:/Program Files/Embedded systems tools/avr8-gnu-toolchain-win32_x86_64/bin/../lib/gcc/avr/15.1.0/avr5\libgcc.a(_usmulhisi3.o)
 .text.libgcc.div
                0x00000000        0x0 C:/Program Files/Embedded systems tools/avr8-gnu-toolchain-win32_x86_64/bin/../lib/gcc/avr/15.1.0/avr5\libgcc.a(_usmulhisi3.o)
 .text.libgcc   0x00000000        0x0 C:/Program Files/Embedded systems tools/avr8-gnu-toolchain-win32_x86_64/bin/../lib/gcc/avr/15.1.0/avr5\libgcc.a(_usmulhisi3.o)
 .text.libgcc.prologue
                0x00000000        0x0 C:/Program Files/Embedded systems tools/avr8-gnu-toolchain-win32_x86_64/bin/../lib/gcc/avr/15.1.0/avr5\libgcc.a(_usmulhisi3.o)
 .text.libgcc.builtins
                0x00000000        0x0 C:/Program Files/Embedded systems tools/avr8-gnu-toolchain-win32_x86_64/bin/../lib/gcc/avr/15.1.0/avr5\libgcc.a(_usmulhisi3.o)
 .text.libgcc.fmul
                0x00000000        0x0 C:/Program Files/Embedded systems tools/avr8-gnu-toolchain-win32_x86_64/bin/../lib/gcc/avr/15.1.0/avr5\libgcc.a(_usmulhisi3.o)
 .text.libgcc.fixed
                0x00000000        0x0 C:/Program Files/Embedded systems tools/avr8-gnu-toolchain-win32_x86_64/bin/../lib/gcc/avr/15.1.0/avr5\libgcc.a(_usmulhisi3.o)
 .text          0x00000000        0x0 C:/Program Files/Embedded systems tools/avr8-gnu-toolchain-win32_x86_64/bin/../lib/gcc/avr/15.1.0/avr5\libgcc.a(_muluhisi3.o)
 .data          0x00000000        0x0 C:/Program Files/Embedded systems tools/avr8-gnu-toolchain-win32_x86_64/bin/../lib/gcc/avr/15.1.0/avr5\libgcc.a(_muluhisi3.o)
 .bss           0x00000000        0x0 C:/Program Files/Embedded systems tools/avr8-gnu-toolchain-win32_x86_64/bin/../lib/gcc/avr/15.1.0/avr5\libgcc.a(_muluhisi3.o)
 .text.libgcc.div
                0x00000000        0x0 C:/Program Files/Embedded systems tools/avr8-gnu-toolchain-win32_x86_64/bin/../lib/gcc/avr/15.1.0/avr5\libgcc.a(_muluhisi3.o)
 .text.libgcc   0x00000000        0x0 C:/Program Files/Embedded systems tools/avr8-gnu-toolchain-win32_x86_64/bin/../lib/gcc/avr/15.1.0/avr5\libgcc.a(_muluhisi3.o)
 .text.libgcc.prologue
                0x00000000        0x0 C:/Program Files/Embedded systems tools/avr8-gnu-toolchain-win32_x86_64/bin/../lib/gcc/avr/15.1.0/avr5\libgcc.a(_muluhisi3.o)
 .text.libgcc.builtins
                0x00000000        0x0 C:/Program Files/Embedded systems tools/avr8-gnu-toolchain-win32_x86_64/bin/../lib/gcc/avr/15.1.0/avr5\libgcc.a(_muluhisi3.o)
 .text.libgcc.fmul
                0x00000000        0x0 C:/Program Files/Embedded systems tools/avr8-gnu-toolchain-win32_x86_64/bin/../lib/gcc/avr/15.1.0/avr5\libgcc.a(_muluhisi3.o)
 .text.libgcc.fixed
                0x00000000        0x0 C:/Program Files/Embedded systems tools/avr8-gnu-toolchain-win32_x86_64/bin/../lib/gcc/avr/15.1.0/avr5\libgcc.a(_muluhisi3.o)
 .text          0x00000000        0x0 C:/Program Files/Embedded systems tools/avr8-gnu-toolchain-win32_x86_64/bin/../lib/gcc/avr/15.1.0/avr5\libgcc.a(_prologue.o)
 .data          0x00000000        0x0 C:/Program Files/Embedded systems tools/avr8-gnu-toolchain-win32_x86_64/bin/../lib/gcc/avr/15.1.0/avr5\libgcc.a(_prologue.o)
 .bss           0x00000000        0x0 C:/Program Files/Embedded systems tools/avr8-gnu-toolchain-win32_x86_64/bin/../lib/gcc/avr/15.1.0/avr5\libgcc.a(_prologue.o)
 .text.libgcc.mul
                0x00000000        0x0 C:/Program Files/Embedded systems tools/avr8-gnu-toolchain-win32_x86_64/bin/../lib/gcc/avr/15.1.0/avr5\libgcc.a(_prologue.o)
 .text.libgcc.div
                0x00000000        0x0 C:/Program Files/Embedded systems tools/avr8-gnu-toolchain-win32_x86_64/bin/../lib/gcc/avr/15.1.0/avr5\libgcc.a(_prologue.o)
 .text.libgcc   0x00000000        0x0 C:/Program Files/Embedded systems tools/avr8-gnu-toolchain-win32_x86_64/bin/../lib/gcc/avr/15.1.0/avr5\libgcc.a(_prologue.o)
 .text.libgcc.builtins
                0x00000000        0x0 C:/Program Files/Embedded systems tools/avr8-gnu-toolchain-win32_x86_64/bin/../lib/gcc/avr/15.1.0/avr5\libgcc.a(_prologue.o)
 .text.libgcc.fmul
                0x00000000        0x0 C:/Program Files/Embedded systems tools/avr8-gnu-toolchain-win32_x86_64/bin/../lib/gcc/avr/15.1.0/avr5\libgcc.a(_prologue.o)
 .text.libgcc.fixed
                0x00000000        0x0 C:/Program Files/Embedded systems tools/avr8-gnu-toolchain-win32_x86_64/bin/../lib/gcc/avr/15.1.0/avr5\libgcc.a(_prologue.o)
 .text          0x00000000        0x0 C:/Program Files/Embedded systems tools/avr8-gnu-toolchain-win32_x86_64/bin/../lib/gcc/avr/15.1.0/avr5\libgcc.a(_epilogue.o)
 .data          0x00000000        0x0 C:/Program Files/Embedded systems tools/avr8-gnu-toolchain-win32_x86_64/bin/../lib/gcc/avr/15.1.0/avr5\libgcc.a(_epilogue.o)
 .bss           0x00000000        0x0 C:/Program Files/Embedded systems tools/avr8-gnu-toolchain-win32_x86_64/bin/../lib/gcc/avr/15.1.0/avr5\libgcc.a(_epilogue.o)
 .text.libgcc.mul
                0x00000000        0x0 C:/Program Files/Embedded systems tools/avr8-gnu-toolchain-win32_x86_64/bin/../lib/gcc/avr/15.1.0/avr5\libgcc.a(_epilogue.o)
 .text.libgcc.div
                0x00000000        0x0 C:/Program Files/Embedded systems tools/avr8-gnu-toolchain-win32_x86_64/bin/../lib/gcc/avr/15.1.0/avr5\libgcc.a(_epilogue.o)
 .text.libgcc   0x00000000        0x0 C:/Program Files/Embedded systems tools/avr8-gnu-toolchain-win32_x86_64/bin/../lib/gcc/avr/15.1.0/avr5\libgcc.a(_epilogue.o)
 .text.libgcc.builtins
                0x00000000        0x0 C:/Program Files/Embedded systems tools/avr8-gnu-toolchain-win32_x86_64/bin/../lib/gcc/avr/15.1.0/avr5\libgcc.a(_epilogue.o)
 .text.libgcc.fmul
                0x00000000        0x0 C:/Program Files/Embedded systems tools/avr8-gnu-toolchain-win32_x86_64/bin/../lib/gcc/avr/15.1.0/avr5\libgcc.a(_epilogue.o)
 .text.libgcc.fixed
                0x00000000        0x0 C:/Program Files/Embedded systems tools/avr8-gnu-toolchain-win32_x86_64/bin/../lib/gcc/avr/15.1.0/avr5\libgcc.a(_epilogue.o)
 .text          0x00000000        0x0 C:/Program Files/Embedded systems tools/avr8-gnu-toolchain-win32_x86_64/bin/../lib/gcc/avr/15.1.0/../../../../avr/lib/avr5\libc.a(ftoa_engine.o)
 .data          0x00000000        0x0 C:/Program Files/Embedded systems tools/avr8-gnu-toolchain-win32_x86_64/bin/../lib/gcc/avr/15.1.0/../../../../avr/lib/avr5\libc.a(ftoa_engine.o)
 .bss           0x00000000        0x0 C:/Program Files/Embedded systems tools/avr8-gnu-toolchain-win32_x86_64/bin/../lib/gcc/avr/15.1.0/../../../../avr/lib/avr5\libc.a(ftoa_engine.o)
 .text          0x00000000        0x0 C:/Program Files/Embedded systems tools/avr8-gnu-toolchain-win32_x86_64/bin/../lib/gcc/avr/15.1.0/../../../../avr/lib/avr5\libc.a(strnlen_P.o)
 .data          0x00000000        0x0 C:/Program Files/Embedded systems tools/avr8-gnu-toolchain-win32_x86_64/bin/../lib/gcc/avr/15.1.0/../../../../avr/lib/avr5\libc.a(strnlen_P.o)
 .bss           0x00000000        0x0 C:/Program Files/Embedded systems tools/avr8-gnu-toolchain-win32_x86_64/bin/../lib/gcc/avr/15.1.0/../../../../avr/lib/avr5\libc.a(strnlen_P.o)
 .text          0x00000000        0x0 C:/Program Files/Embedded systems tools/avr8-gnu-toolchain-win32_x86_64/bin/../lib/gcc/avr/15.1.0/../../../../avr/lib/avr5\libc.a(strnlen.o)
 .data          0x00000000        0x0 C:/Program Files/Embedded systems tools/avr8-gnu-toolchain-win32_x86_64/bin/../lib/gcc/avr/15.1.0/../../../../avr/lib/avr5\libc.a(strnlen.o)
 .bss           0x00000000        0x0 C:/Program Files/Embedded systems tools/avr8-gnu-toolchain-win32_x86_64/bin/../lib/gcc/avr/15.1.0/../../../../avr/lib/avr5\libc.a(strnlen.o)
 .text          0x00000000        0x0 C:/Program Files/Embedded systems tools/avr8-gnu-toolchain-win32_x86_64/bin/../lib/gcc/avr/15.1.0/../../../../avr/lib/avr5\libc.a(fputc.o)
 .data          0x00000000        0x0 C:/Program Files/Embedded systems tools/avr8-gnu-toolchain-win32_x86_64/bin/../lib/gcc/avr/15.1.0/../../../../avr/lib/avr5\libc.a(fputc.o)
 .bss           0x00000000        0x0 C:/Program Files/Embedded systems tools/avr8-gnu-toolchain-win32_x86_64/bin/../lib/gcc/avr/15.1.0/../../../../avr/lib/avr5\libc.a(fputc.o)
 .text          0x00000000        0x0 C:/Program Files/Embedded systems tools/avr8-gnu-toolchain-win32_x86_64/bin/../lib/gcc/avr/15.1.0/../../../../avr/lib/avr5\libc.a(iob.o)
 .data          0x00000000        0x0 C:/Program Files/Embedded systems tools/avr8-gnu-toolchain-win32_x86_64/bin/../lib/gcc/avr/15.1.0/../../../../avr/lib/avr5\libc.a(iob.o)
 .text          0x00000000        0x0 C:/Program Files/Embedded systems tools/avr8-gnu-toolchain-win32_x86_64/bin/../lib/gcc/avr/15.1.0/../../../../avr/lib/avr5\libc.a(printf.o)
 .data          0x00000000        0x0 C:/Program Files/Embedded systems tools/avr8-gnu-toolchain-win32_x86_64/bin/../lib/gcc/avr/15.1.0/../../../../avr/lib/avr5\libc.a(printf.o)
 .bss           0x00000000        0x0 C:/Program Files/Embedded systems tools/avr8-gnu-toolchain-win32_x86_64/bin/../lib/gcc/avr/15.1.0/../../../../avr/lib/avr5\libc.a(printf.o)
 .text          0x00000000        0x0 C:/Program Files/Embedded systems tools/avr8-gnu-toolchain-win32_x86_64/bin/../lib/gcc/avr/15.1.0/../../../../avr/lib/avr5\libc.a(puts.o)
 .data          0x00000000        0x0 C:/Program Files/Embedded systems tools/avr8-gnu-toolchain-win32_x86_64/bin/../lib/gcc/avr/15.1.0/../../../../avr/lib/avr5\libc.a(puts.o)
 .bss           0x00000000        0x0 C:/Program Files/Embedded systems tools/avr8-gnu-toolchain-win32_x86_64/bin/../lib/gcc/avr/15.1.0/../../../../avr/lib/avr5\libc.a(puts.o)
 .text          0x00000000        0x0 C:/Program Files/Embedded systems tools/avr8-gnu-toolchain-win32_x86_64/bin/../lib/gcc/avr/15.1.0/../../../../avr/lib/avr5\libc.a(ultoa_invert.o)
 .data          0x00000000        0x0 C:/Program Files/Embedded systems tools/avr8-gnu-toolchain-win32_x86_64/bin/../lib/gcc/avr/15.1.0/../../../../avr/lib/avr5\libc.a(ultoa_invert.o)
 .bss           0x00000000        0x0 C:/Program Files/Embedded systems tools/avr8-gnu-toolchain-win32_x86_64/bin/../lib/gcc/avr/15.1.0/../../../../avr/lib/avr5\libc.a(ultoa_invert.o)

Memory Configuration

Name             Origin             Length             Attributes
text             0x00000000         0x00008000         xr
data             0x00800060         0x00000800         rw!x
eeprom           0x00810000         0x00000400         rw!x
fuse             0x00820000         0x00000002         rw!x
lock             0x00830000         0x00000400         rw!x
signature        0x00840000         0x00000400         rw!x
user_signatures  0x00850000         0x00000400         rw!x
*default*        0x00000000         0xffffffff

Linker script and memory map

LOAD C:/Program Files/Microchip/MPLABX/v6.30/packs/Microchip/ATmega_DFP/3.5.296/gcc/dev/atmega32/avr5/crtatmega32.o
LOAD C:/Program Files/Embedded systems tools/avr8-gnu-toolchain-win32_x86_64/bin/../lib/gcc/avr/15.1.0/../../../../avr/lib/avr5\libprintf_flt.a
LOAD C:/Program Files/Embedded systems tools/avr8-gnu-toolchain-win32_x86_64/bin/../lib/gcc/avr/15.1.0/../../../../avr/lib/avr5\libm.a
LOAD build/default/production/main.o
LOAD build/default/production/lcd.o
LOAD build/default/production/adc.o
LOAD build/default/production/fix_fft.o
                0x00000001                        __MPLAB_BUILD = 0x1
START GROUP
LOAD C:/Program Files/Embedded systems tools/avr8-gnu-toolchain-win32_x86_64/bin/../lib/gcc/avr/15.1.0/../../../../avr/lib/avr5\libm.a
END GROUP
START GROUP
LOAD C:/Program Files/Embedded systems tools/avr8-gnu-toolchain-win32_x86_64/bin/../lib/gcc/avr/15.1.0/avr5\libgcc.a
LOAD C:/Program Files/Embedded systems tools/avr8-gnu-toolchain-win32_x86_64/bin/../lib/gcc/avr/15.1.0/../../../../avr/lib/avr5\libm.a
LOAD C:/Program Files/Embedded systems tools/avr8-gnu-toolchain-win32_x86_64/bin/../lib/gcc/avr/15.1.0/../../../../avr/lib/avr5\libc.a
LOAD C:/Program Files/Microchip/MPLABX/v6.30/packs/Microchip/ATmega_DFP/3.5.296/gcc/dev/atmega32/avr5\libatmega32.a
END GROUP
                0x00000000                        __TEXT_REGION_ORIGIN__ = DEFINED (__TEXT_REGION_ORIGIN__)?__TEXT_REGION_ORIGIN__:0x0
                [0x00008000]                      __TEXT_REGION_LENGTH__ = DEFINED (__TEXT_REGION_LENGTH__)?__TEXT_REGION_LENGTH__:0x20000
                [0x00800060]                      __DATA_REGION_ORIGIN__ = DEFINED (__DATA_REGION_ORIGIN__)?__DATA_REGION_ORIGIN__:0x800060
                [0x00000800]                      __DATA_REGION_LENGTH__ = DEFINED (__DATA_REGION_LENGTH__)?__DATA_REGION_LENGTH__:0xffa0
                [0x00000400]                      __EEPROM_REGION_LENGTH__ = DEFINED (__EEPROM_REGION_LENGTH__)?__EEPROM_REGION_LENGTH__:0x10000
                [0x00000002]                      __FUSE_REGION_LENGTH__ = DEFINED (__FUSE_REGION_LENGTH__)?__FUSE_REGION_LENGTH__:0x400
                0x00000400                        __LOCK_REGION_LENGTH__ = DEFINED (__LOCK_REGION_LENGTH__)?__LOCK_REGION_LENGTH__:0x400
                0x00000400                        __SIGNATURE_REGION_LENGTH__ = DEFINED (__SIGNATURE_REGION_LENGTH__)?__SIGNATURE_REGION_LENGTH__:0x400
                0x00000400                        __USER_SIGNATURE_REGION_LENGTH__ = DEFINED (__USER_SIGNATURE_REGION_LENGTH__)?__USER_SIGNATURE_REGION_LENGTH__:0x400

.hash
 *(.hash)

.dynsym
 *(.dynsym)

.dynstr
 *(.dynstr)

.gnu.version
 *(.gnu.version)

.gnu.version_d
 *(.gnu.version_d)

.gnu.version_r
 *(.gnu.version_r)

.rel.init
 *(.rel.init)

.rela.init
 *(.rela.init)

.rel.text
 *(.rel.text)
 *(.rel.text.*)
 *(.rel.gnu.linkonce.t*)

.rela.text
 *(.rela.text)
 *(.rela.text.*)
 *(.rela.gnu.linkonce.t*)

.rel.fini
 *(.rel.fini)

.rela.fini
 *(.rela.fini)

.rel.rodata
 *(.rel.rodata)
 *(.rel.rodata.*)
 *(.rel.gnu.linkonce.r*)

.rela.rodata
 *(.rela.rodata)
 *(.rela.rodata.*)
 *(.rela.gnu.linkonce.r*)

.rel.data
 *(.rel.data)
 *(.rel.data.*)
 *(.rel.gnu.linkonce.d*)

.rela.data
 *(.rela.data)
 *(.rela.data.*)
 *(.rela.gnu.linkonce.d*)

.rel.ctors
 *(.rel.ctors)

.rela.ctors
 *(.rela.ctors)

.rel.dtors
 *(.rel.dtors)

.rela.dtors
 *(.rela.dtors)

.rel.got
 *(.rel.got)

.rela.got
 *(.rela.got)

.rel.bss
 *(.rel.bss)

.rela.bss
 *(.rela.bss)

.rel.plt
 *(.rel.plt)

.rela.plt
 *(.rela.plt)

.text           0x00000000     0x1f8e
 *(.vectors)
 .vectors       0x00000000       0x54 C:/Program Files/Microchip/MPLABX/v6.30/packs/Microchip/ATmega_DFP/3.5.296/gcc/dev/atmega32/avr5/crtatmega32.o
                0x00000000                __vector_default
                0x00000000                __vectors
 *(.vectors)
 *(.progmem.gcc*)
                0x00000054                        . = ALIGN (0x2)
                0x00000054                        __trampolines_start = .
 *(.trampolines)
 .trampolines   0x00000054        0x0 linker stubs
 *(.trampolines*)
                0x00000054                        __trampolines_end = .
 *libprintf_flt.a:*(.progmem.data)
 .progmem.data  0x00000054        0x8 C:/Program Files/Embedded systems tools/avr8-gnu-toolchain-win32_x86_64/bin/../lib/gcc/avr/15.1.0/../../../../avr/lib/avr5\libprintf_flt.a(vfprintf_flt.o)
 *libc.a:*(.progmem.data)
 *(.progmem.*)
 .progmem.data.band_end
                0x0000005c        0x6 build/default/production/main.o
 .progmem.data.band_start
                0x00000062        0x6 build/default/production/main.o
 .progmem.data.feat_table
                0x00000068       0x10 build/default/production/main.o
 .progmem.data.feat_up
                0x00000078       0x20 build/default/production/main.o
 .progmem.data.feat_stop
                0x00000098       0x20 build/default/production/main.o
 .progmem.data.feat_start
                0x000000b8       0x20 build/default/production/main.o
 .progmem.data.feat_right
                0x000000d8       0x20 build/default/production/main.o
 .progmem.data.feat_on
                0x000000f8       0x20 build/default/production/main.o
 .progmem.data.feat_off
                0x00000118       0x20 build/default/production/main.o
 .progmem.data.feat_left
                0x00000138       0x20 build/default/production/main.o
 .progmem.data.feat_down
                0x00000158       0x20 build/default/production/main.o
                0x00000178                        . = ALIGN (0x2)
 *(.lowtext)
 *(.lowtext*)
                0x00000178                        __ctors_start = .
 *(.ctors)
                0x00000178                        __ctors_end = .
                0x00000178                        __dtors_start = .
 *(.dtors)
                0x00000178                        __dtors_end = .
 SORT_BY_NAME(*)(.ctors)
 SORT_BY_NAME(*)(.dtors)
 *(.init0)
 .init0         0x00000178        0x0 C:/Program Files/Microchip/MPLABX/v6.30/packs/Microchip/ATmega_DFP/3.5.296/gcc/dev/atmega32/avr5/crtatmega32.o
                0x00000178                __init
 *(.init0)
 *(.init1)
 *(.init1)
 *(.init2)
 .init2         0x00000178        0xc C:/Program Files/Microchip/MPLABX/v6.30/packs/Microchip/ATmega_DFP/3.5.296/gcc/dev/atmega32/avr5/crtatmega32.o
 *(.init2)
 *(.init3)
 *(.init3)
 *(.init4)
 .init4         0x00000184       0x16 C:/Program Files/Embedded systems tools/avr8-gnu-toolchain-win32_x86_64/bin/../lib/gcc/avr/15.1.0/avr5\libgcc.a(_copy_data.o)
                0x00000184                __do_copy_data
 .init4         0x0000019a       0x10 C:/Program Files/Embedded systems tools/avr8-gnu-toolchain-win32_x86_64/bin/../lib/gcc/avr/15.1.0/avr5\libgcc.a(_clear_bss.o)
                0x0000019a                __do_clear_bss
 *(.init4)
 *(.init5)
 *(.init5)
 *(.init6)
 *(.init6)
 *(.init7)
 *(.init7)
 *(.init8)
 *(.init8)
 *(.init9)
 .init9         0x000001aa        0x8 C:/Program Files/Microchip/MPLABX/v6.30/packs/Microchip/ATmega_DFP/3.5.296/gcc/dev/atmega32/avr5/crtatmega32.o
 *(.init9)
 *(.text)
 .text          0x000001b2        0x4 C:/Program Files/Microchip/MPLABX/v6.30/packs/Microchip/ATmega_DFP/3.5.296/gcc/dev/atmega32/avr5/crtatmega32.o
                0x000001b2                __vector_12
                0x000001b2                __bad_interrupt
                0x000001b2                __vector_6
                0x000001b2                __vector_3
                0x000001b2                __vector_11
                0x000001b2                __vector_13
                0x000001b2                __vector_17
                0x000001b2                __vector_19
                0x000001b2                __vector_5
                0x000001b2                __vector_4
                0x000001b2                __vector_9
                0x000001b2                __vector_2
                0x000001b2                __vector_15
                0x000001b2                __vector_8
                0x000001b2                __vector_14
                0x000001b2                __vector_10
                0x000001b2                __vector_16
                0x000001b2                __vector_18
                0x000001b2                __vector_20
                0x000001b6                        . = ALIGN (0x2)
 *(.text.*)
 .text.avr-libc
                0x000001b6      0x708 C:/Program Files/Embedded systems tools/avr8-gnu-toolchain-win32_x86_64/bin/../lib/gcc/avr/15.1.0/../../../../avr/lib/avr5\libprintf_flt.a(vfprintf_flt.o)
                0x000001b6                vfprintf
 .text.ilog2_scaled
                0x000008be       0x78 build/default/production/main.o
 .text.UART_getChar
                0x00000936        0xa build/default/production/main.o
                0x00000936                UART_getChar
 .text.UART_putChar
                0x00000940        0xc build/default/production/main.o
                0x00000940                UART_putChar
 .text.UART_init
                0x0000094c       0x56 build/default/production/main.o
                0x0000094c                UART_init
 .text.__vector_1
                0x000009a2       0x2c build/default/production/main.o
                0x000009a2                __vector_1
 .text.__vector_7
                0x000009ce       0x5e build/default/production/main.o
                0x000009ce                __vector_7
 .text.Timer1_init
                0x00000a2c       0x1c build/default/production/main.o
                0x00000a2c                Timer1_init
 .text.SPI_init
                0x00000a48       0x10 build/default/production/main.o
                0x00000a48                SPI_init
 .text.SPI_transfer
                0x00000a58        0xa build/default/production/main.o
                0x00000a58                SPI_transfer
 .text.CS_LOW   0x00000a62        0x4 build/default/production/main.o
                0x00000a62                CS_LOW
 .text.CS_HIGH  0x00000a66        0x4 build/default/production/main.o
                0x00000a66                CS_HIGH
 .text.SRAM_init
                0x00000a6a       0x16 build/default/production/main.o
                0x00000a6a                SRAM_init
 .text.SRAM_write_byte
                0x00000a80       0x3a build/default/production/main.o
                0x00000a80                SRAM_write_byte
 .text.SRAM_read_byte
                0x00000aba       0x3c build/default/production/main.o
                0x00000aba                SRAM_read_byte
 .text.nearest_neighbor
                0x00000af6       0xe6 build/default/production/main.o
                0x00000af6                nearest_neighbor
 .text.init_INT0
                0x00000bdc       0x1c build/default/production/main.o
                0x00000bdc                init_INT0
 .text.pre_emphasis
                0x00000bf8       0x7c build/default/production/main.o
                0x00000bf8                pre_emphasis
 .text.compute_features
                0x00000c74      0x496 build/default/production/main.o
                0x00000c74                compute_features
 .text.project_Init
                0x0000110a       0x34 build/default/production/main.o
                0x0000110a                project_Init
 .text.main     0x0000113e       0xfe build/default/production/main.o
                0x0000113e                main
 .text.LCD_Command
                0x0000123c       0x46 build/default/production/lcd.o
                0x0000123c                LCD_Command
 .text.LCD_Char
                0x00001282       0x46 build/default/production/lcd.o
                0x00001282                LCD_Char
 .text.LCD_Init
                0x000012c8       0x3a build/default/production/lcd.o
                0x000012c8                LCD_Init
 .text.LCD_String
                0x00001302       0x20 build/default/production/lcd.o
                0x00001302                LCD_String
 .text.LCD_String_xy
                0x00001322       0x46 build/default/production/lcd.o
                0x00001322                LCD_String_xy
 .text.LCD_Clear
                0x00001368       0x18 build/default/production/lcd.o
                0x00001368                LCD_Clear
 .text.ADC_init
                0x00001380        0xa build/default/production/adc.o
                0x00001380                ADC_init
 .text.ADC_read
                0x0000138a        0xc build/default/production/adc.o
                0x0000138a                ADC_read
 .text.fix_fft  0x00001396      0x3e8 build/default/production/fix_fft.o
                0x00001396                fix_fft
 .text.avr-libc.fplib
                0x0000177e        0xe C:/Program Files/Embedded systems tools/avr8-gnu-toolchain-win32_x86_64/bin/../lib/gcc/avr/15.1.0/../../../../avr/lib/avr5\libm.a(fixsfsi.o)
                0x0000177e                __fixsfsi
 .text.avr-libc.fplib
                0x0000178c       0x5e C:/Program Files/Embedded systems tools/avr8-gnu-toolchain-win32_x86_64/bin/../lib/gcc/avr/15.1.0/../../../../avr/lib/avr5\libm.a(fixunssfsi.o)
                0x0000178c                __fixunssfsi
 .text.avr-libc.fplib
                0x000017ea       0x7a C:/Program Files/Embedded systems tools/avr8-gnu-toolchain-win32_x86_64/bin/../lib/gcc/avr/15.1.0/../../../../avr/lib/avr5\libm.a(floatsisf.o)
                0x000017ea                __floatunsisf
                0x000017ee                __floatsisf
 .text.avr-libc.fplib
                0x00001864       0x44 C:/Program Files/Embedded systems tools/avr8-gnu-toolchain-win32_x86_64/bin/../lib/gcc/avr/15.1.0/../../../../avr/lib/avr5\libm.a(fp_split3.o)
                0x00001864                __fp_split3
                0x00001874                __fp_splitA
 .text.avr-libc.fplib
                0x000018a8        0xe C:/Program Files/Embedded systems tools/avr8-gnu-toolchain-win32_x86_64/bin/../lib/gcc/avr/15.1.0/../../../../avr/lib/avr5\libm.a(fp_zero.o)
                0x000018a8                __fp_zero
                0x000018aa                __fp_szero
 .text.avr-libc.fplib
                0x000018b6        0x8 C:/Program Files/Embedded systems tools/avr8-gnu-toolchain-win32_x86_64/bin/../lib/gcc/avr/15.1.0/../../../../avr/lib/avr5\libm.a(mulsf3.o)
                0x000018b6                __mulsf3
 .text.avr-libc.fplib
                0x000018be       0xd2 C:/Program Files/Embedded systems tools/avr8-gnu-toolchain-win32_x86_64/bin/../lib/gcc/avr/15.1.0/../../../../avr/lib/avr5\libm.a(mulsf3x.o)
                0x000018dc                __mulsf3x
                0x000018e2                __mulsf3_pse
 .text.avr-libc.fplib
                0x00001990        0xc C:/Program Files/Embedded systems tools/avr8-gnu-toolchain-win32_x86_64/bin/../lib/gcc/avr/15.1.0/../../../../avr/lib/avr5\libm.a(fp_inf.o)
                0x00001990                __fp_inf
 .text.avr-libc.fplib
                0x0000199c        0x6 C:/Program Files/Embedded systems tools/avr8-gnu-toolchain-win32_x86_64/bin/../lib/gcc/avr/15.1.0/../../../../avr/lib/avr5\libm.a(fp_nan.o)
                0x0000199c                __fp_nan
 .text.avr-libc.fplib
                0x000019a2        0xe C:/Program Files/Embedded systems tools/avr8-gnu-toolchain-win32_x86_64/bin/../lib/gcc/avr/15.1.0/../../../../avr/lib/avr5\libm.a(fp_pscA.o)
                0x000019a2                __fp_pscA
 .text.avr-libc.fplib
                0x000019b0        0xe C:/Program Files/Embedded systems tools/avr8-gnu-toolchain-win32_x86_64/bin/../lib/gcc/avr/15.1.0/../../../../avr/lib/avr5\libm.a(fp_pscB.o)
                0x000019b0                __fp_pscB
 .text.avr-libc.fplib
                0x000019be       0x22 C:/Program Files/Embedded systems tools/avr8-gnu-toolchain-win32_x86_64/bin/../lib/gcc/avr/15.1.0/../../../../avr/lib/avr5\libm.a(fp_round.o)
                0x000019be                __fp_round
 .text.libgcc.mul
                0x000019e0       0x10 C:/Program Files/Embedded systems tools/avr8-gnu-toolchain-win32_x86_64/bin/../lib/gcc/avr/15.1.0/avr5\libgcc.a(_mulhisi3.o)
                0x000019e0                __mulhisi3
 .text.libgcc.mul
                0x000019f0       0x1e C:/Program Files/Embedded systems tools/avr8-gnu-toolchain-win32_x86_64/bin/../lib/gcc/avr/15.1.0/avr5\libgcc.a(_umulhisi3.o)
                0x000019f0                __umulhisi3
 .text.libgcc.mul
                0x00001a0e       0x20 C:/Program Files/Embedded systems tools/avr8-gnu-toolchain-win32_x86_64/bin/../lib/gcc/avr/15.1.0/avr5\libgcc.a(_mulsi3.o)
                0x00001a0e                __mulsi3
 .text.libgcc.div
                0x00001a2e       0x44 C:/Program Files/Embedded systems tools/avr8-gnu-toolchain-win32_x86_64/bin/../lib/gcc/avr/15.1.0/avr5\libgcc.a(_udivmodsi4.o)
                0x00001a2e                __udivmodsi4
 .text.libgcc.div
                0x00001a72       0x10 C:/Program Files/Embedded systems tools/avr8-gnu-toolchain-win32_x86_64/bin/../lib/gcc/avr/15.1.0/avr5\libgcc.a(_negsi2.o)
                0x00001a72                __negsi2
 .text.libgcc.mul
                0x00001a82        0xe C:/Program Files/Embedded systems tools/avr8-gnu-toolchain-win32_x86_64/bin/../lib/gcc/avr/15.1.0/avr5\libgcc.a(_usmulhisi3.o)
                0x00001a82                __usmulhisi3
                0x00001a86                __usmulhisi3_tail
 .text.libgcc.mul
                0x00001a90       0x16 C:/Program Files/Embedded systems tools/avr8-gnu-toolchain-win32_x86_64/bin/../lib/gcc/avr/15.1.0/avr5\libgcc.a(_muluhisi3.o)
                0x00001a90                __muluhisi3
 .text.libgcc.prologue
                0x00001aa6       0x38 C:/Program Files/Embedded systems tools/avr8-gnu-toolchain-win32_x86_64/bin/../lib/gcc/avr/15.1.0/avr5\libgcc.a(_prologue.o)
                0x00001aa6                __prologue_saves__
 .text.libgcc.prologue
                0x00001ade       0x36 C:/Program Files/Embedded systems tools/avr8-gnu-toolchain-win32_x86_64/bin/../lib/gcc/avr/15.1.0/avr5\libgcc.a(_epilogue.o)
                0x00001ade                __epilogue_restores__
 .text.avr-libc
                0x00001b14      0x1b0 C:/Program Files/Embedded systems tools/avr8-gnu-toolchain-win32_x86_64/bin/../lib/gcc/avr/15.1.0/../../../../avr/lib/avr5\libc.a(ftoa_engine.o)
                0x00001b14                __ftoa_engine
 .text.avr-libc
                0x00001cc4       0x16 C:/Program Files/Embedded systems tools/avr8-gnu-toolchain-win32_x86_64/bin/../lib/gcc/avr/15.1.0/../../../../avr/lib/avr5\libc.a(strnlen_P.o)
                0x00001cc4                strnlen_P
 .text.avr-libc
                0x00001cda       0x16 C:/Program Files/Embedded systems tools/avr8-gnu-toolchain-win32_x86_64/bin/../lib/gcc/avr/15.1.0/../../../../avr/lib/avr5\libc.a(strnlen.o)
                0x00001cda                strnlen
 .text.avr-libc
                0x00001cf0       0x60 C:/Program Files/Embedded systems tools/avr8-gnu-toolchain-win32_x86_64/bin/../lib/gcc/avr/15.1.0/../../../../avr/lib/avr5\libc.a(fputc.o)
                0x00001cf0                fputc
 .text.avr-libc
                0x00001d50       0x2c C:/Program Files/Embedded systems tools/avr8-gnu-toolchain-win32_x86_64/bin/../lib/gcc/avr/15.1.0/../../../../avr/lib/avr5\libc.a(printf.o)
                0x00001d50                printf
 .text.avr-libc
                0x00001d7c       0x58 C:/Program Files/Embedded systems tools/avr8-gnu-toolchain-win32_x86_64/bin/../lib/gcc/avr/15.1.0/../../../../avr/lib/avr5\libc.a(puts.o)
                0x00001d7c                puts
 .text.avr-libc
                0x00001dd4       0xbc C:/Program Files/Embedded systems tools/avr8-gnu-toolchain-win32_x86_64/bin/../lib/gcc/avr/15.1.0/../../../../avr/lib/avr5\libc.a(ultoa_invert.o)
                0x00001dd4                __ultoa_invert
                0x00001e90                        . = ALIGN (0x2)
 *(.fini9)
 .fini9         0x00001e90        0x0 C:/Program Files/Embedded systems tools/avr8-gnu-toolchain-win32_x86_64/bin/../lib/gcc/avr/15.1.0/avr5\libgcc.a(_exit.o)
                0x00001e90                _exit
                0x00001e90                exit
 *(.fini9)
 *(.fini8)
 *(.fini8)
 *(.fini7)
 *(.fini7)
 *(.fini6)
 *(.fini6)
 *(.fini5)
 *(.fini5)
 *(.fini4)
 *(.fini4)
 *(.fini3)
 *(.fini3)
 *(.fini2)
 *(.fini2)
 *(.fini1)
 *(.fini1)
 *(.fini0)
 .fini0         0x00001e90        0x4 C:/Program Files/Embedded systems tools/avr8-gnu-toolchain-win32_x86_64/bin/../lib/gcc/avr/15.1.0/avr5\libgcc.a(_exit.o)
 *(.fini0)
 *(.hightext)
 *(.hightext*)
 *(.progmemx.*)
 .progmemx.data.ftoa_engine
                0x00001e94       0xfa C:/Program Files/Embedded systems tools/avr8-gnu-toolchain-win32_x86_64/bin/../lib/gcc/avr/15.1.0/../../../../avr/lib/avr5\libc.a(ftoa_engine.o)
                0x00001f8e                        . = ALIGN (0x2)
 *(.jumptables)
 *(.jumptables*)
                0x00001f8e                        _etext = .

.data           0x00800060      0x692 load address 0x00001f8e
                0x00800060                        PROVIDE (__data_start = .)
 *(.data)
 *(.data*)
 .data.uart_str
                0x00800060        0xe build/default/production/main.o
 .data.labels   0x0080006e       0x10 build/default/production/main.o
                0x0080006e                labels
 .data.Sinewave
                0x0080007e      0x600 build/default/production/fix_fft.o
                0x0080007e                Sinewave
 *(.gnu.linkonce.d*)
 *(.rodata)
 *(.rodata*)
 .rodata.compute_features.str1.1
                0x0080067e       0x73 build/default/production/main.o
                                 0x40 (size before relaxing)
 .rodata.main.str1.1
                0x008006f1        0xe build/default/production/main.o
 .rodata.str1.1
                0x008006f1       0x25 build/default/production/main.o
 *(.gnu.linkonce.r*)
                0x00800716                        . = ALIGN (0x2)
 *fill*         0x008006f1        0x1 
                0x008006f2                        _edata = .
                0x008006f2                        PROVIDE (__data_end = .)

.bss            0x008006f2      0x11e
                0x008006f2                        PROVIDE (__bss_start = .)
 *(.bss)
 .bss           0x008006f2        0x6 C:/Program Files/Embedded systems tools/avr8-gnu-toolchain-win32_x86_64/bin/../lib/gcc/avr/15.1.0/../../../../avr/lib/avr5\libc.a(iob.o)
                0x008006f2                __iob
 *(.bss*)
 .bss.fft_imag  0x008006f8       0x80 build/default/production/main.o
                0x008006f8                fft_imag
 .bss.fft_real  0x00800778       0x80 build/default/production/main.o
                0x00800778                fft_real
 .bss.features  0x008007f8       0x10 build/default/production/main.o
                0x008007f8                features
 .bss.address   0x00800808        0x2 build/default/production/main.o
                0x00800808                address
 .bss.number_of_samples
                0x0080080a        0x2 build/default/production/main.o
                0x0080080a                number_of_samples
 .bss.sample_ready
                0x0080080c        0x1 build/default/production/main.o
                0x0080080c                sample_ready
 .bss.audio_sample
                0x0080080d        0x1 build/default/production/main.o
                0x0080080d                audio_sample
 .bss.prev_recording
                0x0080080e        0x1 build/default/production/main.o
                0x0080080e                prev_recording
 .bss.recording
                0x0080080f        0x1 build/default/production/main.o
                0x0080080f                recording
 *(COMMON)
                0x00800810                        PROVIDE (__bss_end = .)
                0x00001f8e                        __data_load_start = LOADADDR (.data)
                0x00002620                        __data_load_end = (__data_load_start + SIZEOF (.data))

.noinit         0x00800810        0x0
                [!provide]                        PROVIDE (__noinit_start = .)
 *(.noinit .noinit.* .gnu.linkonce.n.*)
                [!provide]                        PROVIDE (__noinit_end = .)
                0x00800810                        _end = .
                [!provide]                        PROVIDE (__heap_start = .)
                0x00000000                        __flmap_init_label = DEFINED (__flmap_noinit_start)?__flmap_noinit_start:0x0
                0x00000000                        __flmap = DEFINED (__flmap)?__flmap:0x0

.eeprom         0x00810000        0x0
 *(.eeprom*)
                0x00810000                        __eeprom_end = .

.fuse
 *(.fuse)
 *(.lfuse)
 *(.hfuse)
 *(.efuse)

.lock
 *(.lock*)

.signature
 *(.signature*)

.stab
 *(.stab)

.stabstr
 *(.stabstr)

.stab.excl
 *(.stab.excl)

.stab.exclstr
 *(.stab.exclstr)

.stab.index
 *(.stab.index)

.stab.indexstr
 *(.stab.indexstr)

.comment        0x00000000       0x5c
 *(.comment)
 .comment       0x00000000       0x5c C:/Program Files/Embedded systems tools/avr8-gnu-toolchain-win32_x86_64/bin/../lib/gcc/avr/15.1.0/../../../../avr/lib/avr5\libprintf_flt.a(vfprintf_flt.o)
                                 0x2e (size before relaxing)
 .comment       0x0000005c       0x30 build/default/production/main.o
 .comment       0x0000005c       0x30 build/default/production/lcd.o
 .comment       0x0000005c       0x30 build/default/production/adc.o
 .comment       0x0000005c       0x30 build/default/production/fix_fft.o
 .comment       0x0000005c       0x30 C:/Program Files/Embedded systems tools/avr8-gnu-toolchain-win32_x86_64/bin/../lib/gcc/avr/15.1.0/../../../../avr/lib/avr5\libc.a(fputc.o)
 .comment       0x0000005c       0x30 C:/Program Files/Embedded systems tools/avr8-gnu-toolchain-win32_x86_64/bin/../lib/gcc/avr/15.1.0/../../../../avr/lib/avr5\libc.a(iob.o)
 .comment       0x0000005c       0x30 C:/Program Files/Embedded systems tools/avr8-gnu-toolchain-win32_x86_64/bin/../lib/gcc/avr/15.1.0/../../../../avr/lib/avr5\libc.a(printf.o)
 .comment       0x0000005c       0x30 C:/Program Files/Embedded systems tools/avr8-gnu-toolchain-win32_x86_64/bin/../lib/gcc/avr/15.1.0/../../../../avr/lib/avr5\libc.a(puts.o)

.note.gnu.avr.deviceinfo
                0x00000000       0x3c
 .note.gnu.avr.deviceinfo
                0x00000000       0x3c C:/Program Files/Microchip/MPLABX/v6.30/packs/Microchip/ATmega_DFP/3.5.296/gcc/dev/atmega32/avr5/crtatmega32.o

.gnu.build.attributes
 *(.gnu.build.attributes .gnu.build.attributes.*)

.note.gnu.build-id
 *(.note.gnu.build-id)

.debug
 *(.debug)

.line
 *(.line)

.debug_srcinfo
 *(.debug_srcinfo)

.debug_sfnames
 *(.debug_sfnames)

.debug_aranges
 *(.debug_aranges)

.debug_pubnames
 *(.debug_pubnames)

.debug_info     0x00000000      0x4e6
 *(.debug_info .gnu.linkonce.wi.*)
 .debug_info    0x00000000      0x4e6 C:/Program Files/Microchip/MPLABX/v6.30/packs/Microchip/ATmega_DFP/3.5.296/gcc/dev/atmega32/avr5/crtatmega32.o

.debug_abbrev   0x00000000      0x4a3
 *(.debug_abbrev)
 .debug_abbrev  0x00000000      0x4a3 C:/Program Files/Microchip/MPLABX/v6.30/packs/Microchip/ATmega_DFP/3.5.296/gcc/dev/atmega32/avr5/crtatmega32.o

.debug_line     0x00000000      0x116
 *(.debug_line .debug_line.* .debug_line_end)
 .debug_line    0x00000000      0x116 C:/Program Files/Microchip/MPLABX/v6.30/packs/Microchip/ATmega_DFP/3.5.296/gcc/dev/atmega32/avr5/crtatmega32.o

.debug_frame
 *(.debug_frame)

.debug_str      0x00000000      0x196
 *(.debug_str)
 .debug_str     0x00000000      0x196 C:/Program Files/Microchip/MPLABX/v6.30/packs/Microchip/ATmega_DFP/3.5.296/gcc/dev/atmega32/avr5/crtatmega32.o

.debug_loc
 *(.debug_loc)

.debug_macinfo
 *(.debug_macinfo)

.debug_weaknames
 *(.debug_weaknames)

.debug_funcnames
 *(.debug_funcnames)

.debug_typenames
 *(.debug_typenames)

.debug_varnames
 *(.debug_varnames)

.debug_pubtypes
 *(.debug_pubtypes)

.debug_ranges
 *(.debug_ranges)

.debug_addr
 *(.debug_addr)

.debug_line_str
 *(.debug_line_str)

.debug_loclists
 *(.debug_loclists)

.debug_macro
 *(.debug_macro)

.debug_names
 *(.debug_names)

.debug_rnglists
 *(.debug_rnglists)

.debug_str_offsets
 *(.debug_str_offsets)

.debug_sup
 *(.debug_sup)
OUTPUT(dist/default/production/SpeechRecog.X.production.elf elf32-avr)
LOAD linker stubs
